CHROME: Chrome/151.0.7922.34

=== VISIT https://www.ssproperty.in/property/69d2779d-3777-4b4f-aa89-684084518fc6
  requests: 38 | textLen: 1407 | imgs: 3 broken: 0 | h1: ["Cozy 3 BHK Flat in Bangur Avenue, Lake Town"]
  API: GET 200 https://www.wixapis.com/_api/tag-manager/api/v1/tags/sites/d536d138-8337-44ec-9152-3b2a11e52ae9?wixSite=false& body:768B
  API: OPTIONS 204 https://www.wixapis.com/_api/tag-manager/api/v1/tags/sites/d536d138-8337-44ec-9152-3b2a11e52ae9?wixSite=false& 
  API: GET 403 https://edge.wixapis.com/members/v1/members/my?fieldsets=FULL body:96B
  API: GET 200 https://edge.wixapis.com/wix-data/v2/items/query?.r=eyJkYXRhQ29sbGVjdGlvbklkIjoicHJvcGVydGllcyIsInF1ZXJ5Ijp7Im body:1819B
  API: GET 200 https://edge.wixapis.com/wix-data/v2/items/query?.r=eyJkYXRhQ29sbGVjdGlvbklkIjoicHJvcGVydGllcyIsInF1ZXJ5Ijp7Im body:1819B
  API: OPTIONS 204 https://edge.wixapis.com/members/v1/members/my?fieldsets=FULL 
  API: OPTIONS 204 https://edge.wixapis.com/wix-data/v2/items/query?.r=eyJkYXRhQ29sbGVjdGlvbklkIjoicHJvcGVydGllcyIsInF1ZXJ5Ijp7Im 
  API: OPTIONS 204 https://edge.wixapis.com/wix-data/v2/items/query?.r=eyJkYXRhQ29sbGVjdGlvbklkIjoicHJvcGVydGllcyIsInF1ZXJ5Ijp7Im 
  API: POST 204 https://frog.wix.com/headless?_brandId=wix&_siteBranchId=undefined&_ms=2039&_isHeadless=undefined&_hostingPlat 
  API: GET 200 https://edge.wixapis.com/wix-data/v2/items/query?.r=eyJkYXRhQ29sbGVjdGlvbklkIjoicHJvcGVydHlpbWFnZXMiLCJxdWVyeS body:6945895B
  API: OPTIONS 204 https://edge.wixapis.com/wix-data/v2/items/query?.r=eyJkYXRhQ29sbGVjdGlvbklkIjoicHJvcGVydHlpbWFnZXMiLCJxdWVyeS 
  API: GET 200 https://edge.wixapis.com/wix-data/v2/items/query?.r=eyJkYXRhQ29sbGVjdGlvbklkIjoicHJvcGVydHlpbWFnZXMiLCJxdWVyeS body:6945895B
  API: OPTIONS 204 https://edge.wixapis.com/wix-data/v2/items/query?.r=eyJkYXRhQ29sbGVjdGlvbklkIjoicHJvcGVydHlpbWFnZXMiLCJxdWVyeS 
  API: GET 200 https://www.wixapis.com/code/v1/public-config body:100B
  API: OPTIONS 204 https://www.wixapis.com/code/v1/public-config 
  API: GET 200 https://edge.wixapis.com/wix-data/v2/items/query?.r=eyJkYXRhQ29sbGVjdGlvbklkIjoicHJvcGVydHl2aWRlb3MiLCJxdWVyeS body:5995B
  API: OPTIONS 204 https://edge.wixapis.com/wix-data/v2/items/query?.r=eyJkYXRhQ29sbGVjdGlvbklkIjoicHJvcGVydHl2aWRlb3MiLCJxdWVyeS 
  API: GET 200 https://edge.wixapis.com/wix-data/v2/items/query?.r=eyJkYXRhQ29sbGVjdGlvbklkIjoicHJvcGVydHl2aWRlb3MiLCJxdWVyeS body:5995B
  API: OPTIONS 204 https://edge.wixapis.com/wix-data/v2/items/query?.r=eyJkYXRhQ29sbGVjdGlvbklkIjoicHJvcGVydHl2aWRlb3MiLCJxdWVyeS 

=== VISIT https://www.ssproperty.in/property/743055fa-20d3-496f-b9d9-393924e223ba
  requests: 37 | textLen: 1310 | imgs: 2 broken: 0 | h1: ["Furnished Commercial Space for Sale Next to Chandni Chowk Metro | 1000 sq.ft"]
  API: GET 200 https://www.wixapis.com/_api/tag-manager/api/v1/tags/sites/d536d138-8337-44ec-9152-3b2a11e52ae9?wixSite=false& body:768B
  API: OPTIONS 204 https://www.wixapis.com/_api/tag-manager/api/v1/tags/sites/d536d138-8337-44ec-9152-3b2a11e52ae9?wixSite=false& 
  API: GET 403 https://edge.wixapis.com/members/v1/members/my?fieldsets=FULL body:96B
  API: GET 200 https://edge.wixapis.com/wix-data/v2/items/query?.r=eyJkYXRhQ29sbGVjdGlvbklkIjoicHJvcGVydGllcyIsInF1ZXJ5Ijp7Im body:1420B
  API: GET 200 https://edge.wixapis.com/wix-data/v2/items/query?.r=eyJkYXRhQ29sbGVjdGlvbklkIjoicHJvcGVydGllcyIsInF1ZXJ5Ijp7Im body:1420B
  API: OPTIONS 204 https://edge.wixapis.com/members/v1/members/my?fieldsets=FULL 
  API: OPTIONS 204 https://edge.wixapis.com/wix-data/v2/items/query?.r=eyJkYXRhQ29sbGVjdGlvbklkIjoicHJvcGVydGllcyIsInF1ZXJ5Ijp7Im 
  API: OPTIONS 204 https://edge.wixapis.com/wix-data/v2/items/query?.r=eyJkYXRhQ29sbGVjdGlvbklkIjoicHJvcGVydGllcyIsInF1ZXJ5Ijp7Im 
  API: GET 200 https://edge.wixapis.com/wix-data/v2/items/query?.r=eyJkYXRhQ29sbGVjdGlvbklkIjoicHJvcGVydHlpbWFnZXMiLCJxdWVyeS body:6945895B
  API: OPTIONS 204 https://edge.wixapis.com/wix-data/v2/items/query?.r=eyJkYXRhQ29sbGVjdGlvbklkIjoicHJvcGVydHlpbWFnZXMiLCJxdWVyeS 
  API: POST 204 https://frog.wix.com/headless?_brandId=wix&_siteBranchId=undefined&_ms=2392&_isHeadless=undefined&_hostingPlat 
  API: GET 200 https://www.wixapis.com/code/v1/public-config body:100B
  API: OPTIONS 204 https://www.wixapis.com/code/v1/public-config 
  API: GET 200 https://edge.wixapis.com/wix-data/v2/items/query?.r=eyJkYXRhQ29sbGVjdGlvbklkIjoicHJvcGVydHlpbWFnZXMiLCJxdWVyeS body:6945895B
  API: OPTIONS 204 https://edge.wixapis.com/wix-data/v2/items/query?.r=eyJkYXRhQ29sbGVjdGlvbklkIjoicHJvcGVydHlpbWFnZXMiLCJxdWVyeS 
  API: GET 200 https://edge.wixapis.com/wix-data/v2/items/query?.r=eyJkYXRhQ29sbGVjdGlvbklkIjoicHJvcGVydHl2aWRlb3MiLCJxdWVyeS body:5995B
  API: OPTIONS 204 https://edge.wixapis.com/wix-data/v2/items/query?.r=eyJkYXRhQ29sbGVjdGlvbklkIjoicHJvcGVydHl2aWRlb3MiLCJxdWVyeS 
  API: GET 200 https://edge.wixapis.com/wix-data/v2/items/query?.r=eyJkYXRhQ29sbGVjdGlvbklkIjoicHJvcGVydHl2aWRlb3MiLCJxdWVyeS body:5995B
  API: OPTIONS 204 https://edge.wixapis.com/wix-data/v2/items/query?.r=eyJkYXRhQ29sbGVjdGlvbklkIjoicHJvcGVydHl2aWRlb3MiLCJxdWVyeS 

=== VISIT https://www.ssproperty.in/property/75de911b-220e-4e2c-89e8-d7d901a06b1b
  requests: 38 | textLen: 1376 | imgs: 3 broken: 0 | h1: ["Brand New 3 BHK Flat in Bangur Avenue, Lake Town"]
  API: GET 200 https://www.wixapis.com/_api/tag-manager/api/v1/tags/sites/d536d138-8337-44ec-9152-3b2a11e52ae9?wixSite=false& body:768B
  API: OPTIONS 204 https://www.wixapis.com/_api/tag-manager/api/v1/tags/sites/d536d138-8337-44ec-9152-3b2a11e52ae9?wixSite=false& 
  API: GET 403 https://edge.wixapis.com/members/v1/members/my?fieldsets=FULL body:96B
  API: GET 200 https://edge.wixapis.com/wix-data/v2/items/query?.r=eyJkYXRhQ29sbGVjdGlvbklkIjoicHJvcGVydGllcyIsInF1ZXJ5Ijp7Im body:1919B
  API: GET 200 https://edge.wixapis.com/wix-data/v2/items/query?.r=eyJkYXRhQ29sbGVjdGlvbklkIjoicHJvcGVydGllcyIsInF1ZXJ5Ijp7Im body:1919B
  API: OPTIONS 204 https://edge.wixapis.com/members/v1/members/my?fieldsets=FULL 
  API: OPTIONS 204 https://edge.wixapis.com/wix-data/v2/items/query?.r=eyJkYXRhQ29sbGVjdGlvbklkIjoicHJvcGVydGllcyIsInF1ZXJ5Ijp7Im 
  API: OPTIONS 204 https://edge.wixapis.com/wix-data/v2/items/query?.r=eyJkYXRhQ29sbGVjdGlvbklkIjoicHJvcGVydGllcyIsInF1ZXJ5Ijp7Im 
  API: GET 200 https://edge.wixapis.com/wix-data/v2/items/query?.r=eyJkYXRhQ29sbGVjdGlvbklkIjoicHJvcGVydHlpbWFnZXMiLCJxdWVyeS body:6945895B
  API: OPTIONS 204 https://edge.wixapis.com/wix-data/v2/items/query?.r=eyJkYXRhQ29sbGVjdGlvbklkIjoicHJvcGVydHlpbWFnZXMiLCJxdWVyeS 
  API: GET 200 https://edge.wixapis.com/wix-data/v2/items/query?.r=eyJkYXRhQ29sbGVjdGlvbklkIjoicHJvcGVydHlpbWFnZXMiLCJxdWVyeS body:6945895B
  API: OPTIONS 204 https://edge.wixapis.com/wix-data/v2/items/query?.r=eyJkYXRhQ29sbGVjdGlvbklkIjoicHJvcGVydHlpbWFnZXMiLCJxdWVyeS 
  API: POST 204 https://frog.wix.com/headless?_brandId=wix&_siteBranchId=undefined&_ms=2088&_isHeadless=undefined&_hostingPlat 
  API: GET 200 https://www.wixapis.com/code/v1/public-config body:100B
  API: OPTIONS 204 https://www.wixapis.com/code/v1/public-config 
  API: GET 200 https://edge.wixapis.com/wix-data/v2/items/query?.r=eyJkYXRhQ29sbGVjdGlvbklkIjoicHJvcGVydHl2aWRlb3MiLCJxdWVyeS body:5995B
  API: OPTIONS 204 https://edge.wixapis.com/wix-data/v2/items/query?.r=eyJkYXRhQ29sbGVjdGlvbklkIjoicHJvcGVydHl2aWRlb3MiLCJxdWVyeS 
  API: GET 200 https://edge.wixapis.com/wix-data/v2/items/query?.r=eyJkYXRhQ29sbGVjdGlvbklkIjoicHJvcGVydHl2aWRlb3MiLCJxdWVyeS body:5995B
  API: OPTIONS 204 https://edge.wixapis.com/wix-data/v2/items/query?.r=eyJkYXRhQ29sbGVjdGlvbklkIjoicHJvcGVydHl2aWRlb3MiLCJxdWVyeS 

=== VISIT https://www.ssproperty.in/property/9093c621-fa9b-45f2-be6e-5cb8483d0480
  requests: 38 | textLen: 1388 | imgs: 3 broken: 0 | h1: ["Urban Lakes Konnagar 2 BHK Flat"]
  API: GET 200 https://www.wixapis.com/_api/tag-manager/api/v1/tags/sites/d536d138-8337-44ec-9152-3b2a11e52ae9?wixSite=false& body:768B
  API: OPTIONS 204 https://www.wixapis.com/_api/tag-manager/api/v1/tags/sites/d536d138-8337-44ec-9152-3b2a11e52ae9?wixSite=false& 
  API: GET 403 https://edge.wixapis.com/members/v1/members/my?fieldsets=FULL body:96B
  API: GET 200 https://edge.wixapis.com/wix-data/v2/items/query?.r=eyJkYXRhQ29sbGVjdGlvbklkIjoicHJvcGVydGllcyIsInF1ZXJ5Ijp7Im body:1830B
  API: GET 200 https://edge.wixapis.com/wix-data/v2/items/query?.r=eyJkYXRhQ29sbGVjdGlvbklkIjoicHJvcGVydGllcyIsInF1ZXJ5Ijp7Im body:1830B
  API: OPTIONS 204 https://edge.wixapis.com/members/v1/members/my?fieldsets=FULL 
  API: OPTIONS 204 https://edge.wixapis.com/wix-data/v2/items/query?.r=eyJkYXRhQ29sbGVjdGlvbklkIjoicHJvcGVydGllcyIsInF1ZXJ5Ijp7Im 
  API: OPTIONS 204 https://edge.wixapis.com/wix-data/v2/items/query?.r=eyJkYXRhQ29sbGVjdGlvbklkIjoicHJvcGVydGllcyIsInF1ZXJ5Ijp7Im 
  API: GET 200 https://edge.wixapis.com/wix-data/v2/items/query?.r=eyJkYXRhQ29sbGVjdGlvbklkIjoicHJvcGVydHlpbWFnZXMiLCJxdWVyeS body:6945895B
  API: OPTIONS 204 https://edge.wixapis.com/wix-data/v2/items/query?.r=eyJkYXRhQ29sbGVjdGlvbklkIjoicHJvcGVydHlpbWFnZXMiLCJxdWVyeS 
  API: GET 200 https://edge.wixapis.com/wix-data/v2/items/query?.r=eyJkYXRhQ29sbGVjdGlvbklkIjoicHJvcGVydHlpbWFnZXMiLCJxdWVyeS body:6945895B
  API: OPTIONS 204 https://edge.wixapis.com/wix-data/v2/items/query?.r=eyJkYXRhQ29sbGVjdGlvbklkIjoicHJvcGVydHlpbWFnZXMiLCJxdWVyeS 
  API: GET 200 https://www.wixapis.com/code/v1/public-config body:100B
  API: OPTIONS 204 https://www.wixapis.com/code/v1/public-config 
  API: POST 204 https://frog.wix.com/headless?_brandId=wix&_siteBranchId=undefined&_ms=2452&_isHeadless=undefined&_hostingPlat 
  API: GET 200 https://edge.wixapis.com/wix-data/v2/items/query?.r=eyJkYXRhQ29sbGVjdGlvbklkIjoicHJvcGVydHl2aWRlb3MiLCJxdWVyeS body:5995B
  API: OPTIONS 204 https://edge.wixapis.com/wix-data/v2/items/query?.r=eyJkYXRhQ29sbGVjdGlvbklkIjoicHJvcGVydHl2aWRlb3MiLCJxdWVyeS 
  API: GET 200 https://edge.wixapis.com/wix-data/v2/items/query?.r=eyJkYXRhQ29sbGVjdGlvbklkIjoicHJvcGVydHl2aWRlb3MiLCJxdWVyeS body:5995B
  API: OPTIONS 204 https://edge.wixapis.com/wix-data/v2/items/query?.r=eyJkYXRhQ29sbGVjdGlvbklkIjoicHJvcGVydHl2aWRlb3MiLCJxdWVyeS 

=== VISIT https://www.ssproperty.in/property/9918382c-8a94-43fa-a160-fcb1b00e453c
  requests: 38 | textLen: 1405 | imgs: 3 broken: 0 | h1: ["Ready to Move 3 BHK in Howrah AC Market Area"]
  API: GET 200 https://www.wixapis.com/_api/tag-manager/api/v1/tags/sites/d536d138-8337-44ec-9152-3b2a11e52ae9?wixSite=false& body:768B
  API: OPTIONS 204 https://www.wixapis.com/_api/tag-manager/api/v1/tags/sites/d536d138-8337-44ec-9152-3b2a11e52ae9?wixSite=false& 
  API: GET 403 https://edge.wixapis.com/members/v1/members/my?fieldsets=FULL body:96B
  API: GET 200 https://edge.wixapis.com/wix-data/v2/items/query?.r=eyJkYXRhQ29sbGVjdGlvbklkIjoicHJvcGVydGllcyIsInF1ZXJ5Ijp7Im body:1922B
  API: GET 200 https://edge.wixapis.com/wix-data/v2/items/query?.r=eyJkYXRhQ29sbGVjdGlvbklkIjoicHJvcGVydGllcyIsInF1ZXJ5Ijp7Im body:1922B
  API: OPTIONS 204 https://edge.wixapis.com/members/v1/members/my?fieldsets=FULL 
  API: OPTIONS 204 https://edge.wixapis.com/wix-data/v2/items/query?.r=eyJkYXRhQ29sbGVjdGlvbklkIjoicHJvcGVydGllcyIsInF1ZXJ5Ijp7Im 
  API: OPTIONS 204 https://edge.wixapis.com/wix-data/v2/items/query?.r=eyJkYXRhQ29sbGVjdGlvbklkIjoicHJvcGVydGllcyIsInF1ZXJ5Ijp7Im 
  API: GET 200 https://edge.wixapis.com/wix-data/v2/items/query?.r=eyJkYXRhQ29sbGVjdGlvbklkIjoicHJvcGVydHlpbWFnZXMiLCJxdWVyeS body:6945895B
  API: OPTIONS 204 https://edge.wixapis.com/wix-data/v2/items/query?.r=eyJkYXRhQ29sbGVjdGlvbklkIjoicHJvcGVydHlpbWFnZXMiLCJxdWVyeS 
  API: GET 200 https://edge.wixapis.com/wix-data/v2/items/query?.r=eyJkYXRhQ29sbGVjdGlvbklkIjoicHJvcGVydHlpbWFnZXMiLCJxdWVyeS body:6945895B
  API: OPTIONS 204 https://edge.wixapis.com/wix-data/v2/items/query?.r=eyJkYXRhQ29sbGVjdGlvbklkIjoicHJvcGVydHlpbWFnZXMiLCJxdWVyeS 
  API: GET 200 https://www.wixapis.com/code/v1/public-config body:100B
  API: OPTIONS 204 https://www.wixapis.com/code/v1/public-config 
  API: POST 204 https://frog.wix.com/headless?_brandId=wix&_siteBranchId=undefined&_ms=1610&_isHeadless=undefined&_hostingPlat 
  API: GET 200 https://edge.wixapis.com/wix-data/v2/items/query?.r=eyJkYXRhQ29sbGVjdGlvbklkIjoicHJvcGVydHl2aWRlb3MiLCJxdWVyeS body:5995B
  API: OPTIONS 204 https://edge.wixapis.com/wix-data/v2/items/query?.r=eyJkYXRhQ29sbGVjdGlvbklkIjoicHJvcGVydHl2aWRlb3MiLCJxdWVyeS 
  API: GET 200 https://edge.wixapis.com/wix-data/v2/items/query?.r=eyJkYXRhQ29sbGVjdGlvbklkIjoicHJvcGVydHl2aWRlb3MiLCJxdWVyeS body:5995B
  API: OPTIONS 204 https://edge.wixapis.com/wix-data/v2/items/query?.r=eyJkYXRhQ29sbGVjdGlvbklkIjoicHJvcGVydHl2aWRlb3MiLCJxdWVyeS 

=== VISIT https://www.ssproperty.in/property/9befed83-ea12-42c0-b588-48fa9c5add9e
  requests: 38 | textLen: 1370 | imgs: 3 broken: 0 | h1: ["Ready-to-Move 2 BHK Furnished Flat Near Acropolis Mall, Kasba"]
  API: GET 200 https://www.wixapis.com/_api/tag-manager/api/v1/tags/sites/d536d138-8337-44ec-9152-3b2a11e52ae9?wixSite=false& body:768B
  API: OPTIONS 204 https://www.wixapis.com/_api/tag-manager/api/v1/tags/sites/d536d138-8337-44ec-9152-3b2a11e52ae9?wixSite=false& 
  API: GET 403 https://edge.wixapis.com/members/v1/members/my?fieldsets=FULL body:96B
  API: GET 200 https://edge.wixapis.com/wix-data/v2/items/query?.r=eyJkYXRhQ29sbGVjdGlvbklkIjoicHJvcGVydGllcyIsInF1ZXJ5Ijp7Im body:1849B
  API: GET 200 https://edge.wixapis.com/wix-data/v2/items/query?.r=eyJkYXRhQ29sbGVjdGlvbklkIjoicHJvcGVydGllcyIsInF1ZXJ5Ijp7Im body:1849B
  API: OPTIONS 204 https://edge.wixapis.com/members/v1/members/my?fieldsets=FULL 
  API: OPTIONS 204 https://edge.wixapis.com/wix-data/v2/items/query?.r=eyJkYXRhQ29sbGVjdGlvbklkIjoicHJvcGVydGllcyIsInF1ZXJ5Ijp7Im 
  API: OPTIONS 204 https://edge.wixapis.com/wix-data/v2/items/query?.r=eyJkYXRhQ29sbGVjdGlvbklkIjoicHJvcGVydGllcyIsInF1ZXJ5Ijp7Im 
  API: GET 200 https://edge.wixapis.com/wix-data/v2/items/query?.r=eyJkYXRhQ29sbGVjdGlvbklkIjoicHJvcGVydHlpbWFnZXMiLCJxdWVyeS body:6945895B
  API: OPTIONS 204 https://edge.wixapis.com/wix-data/v2/items/query?.r=eyJkYXRhQ29sbGVjdGlvbklkIjoicHJvcGVydHlpbWFnZXMiLCJxdWVyeS 
  API: GET 200 https://edge.wixapis.com/wix-data/v2/items/query?.r=eyJkYXRhQ29sbGVjdGlvbklkIjoicHJvcGVydHlpbWFnZXMiLCJxdWVyeS body:6945895B
  API: OPTIONS 204 https://edge.wixapis.com/wix-data/v2/items/query?.r=eyJkYXRhQ29sbGVjdGlvbklkIjoicHJvcGVydHlpbWFnZXMiLCJxdWVyeS 
  API: GET 200 https://www.wixapis.com/code/v1/public-config body:100B
  API: OPTIONS 204 https://www.wixapis.com/code/v1/public-config 
  API: POST 204 https://frog.wix.com/headless?_brandId=wix&_siteBranchId=undefined&_ms=1721&_isHeadless=undefined&_hostingPlat 
  API: GET 200 https://edge.wixapis.com/wix-data/v2/items/query?.r=eyJkYXRhQ29sbGVjdGlvbklkIjoicHJvcGVydHl2aWRlb3MiLCJxdWVyeS body:5995B
  API: OPTIONS 204 https://edge.wixapis.com/wix-data/v2/items/query?.r=eyJkYXRhQ29sbGVjdGlvbklkIjoicHJvcGVydHl2aWRlb3MiLCJxdWVyeS 
  API: GET 200 https://edge.wixapis.com/wix-data/v2/items/query?.r=eyJkYXRhQ29sbGVjdGlvbklkIjoicHJvcGVydHl2aWRlb3MiLCJxdWVyeS body:5995B
  API: OPTIONS 204 https://edge.wixapis.com/wix-data/v2/items/query?.r=eyJkYXRhQ29sbGVjdGlvbklkIjoicHJvcGVydHl2aWRlb3MiLCJxdWVyeS 

=== VISIT https://www.ssproperty.in/property/9e2c5d3d-f7a8-4ea5-8901-2231842fd596
  requests: 37 | textLen: 1168 | imgs: 2 broken: 0 | h1: ["3 BHK Fully Furnished Flat in Chinar Park"]
  API: OPTIONS 204 https://www.wixapis.com/_api/tag-manager/api/v1/tags/sites/d536d138-8337-44ec-9152-3b2a11e52ae9?wixSite=false& 
  API: GET 200 https://www.wixapis.com/_api/tag-manager/api/v1/tags/sites/d536d138-8337-44ec-9152-3b2a11e52ae9?wixSite=false& body:768B
  API: GET 403 https://edge.wixapis.com/members/v1/members/my?fieldsets=FULL body:96B
  API: GET 200 https://edge.wixapis.com/wix-data/v2/items/query?.r=eyJkYXRhQ29sbGVjdGlvbklkIjoicHJvcGVydGllcyIsInF1ZXJ5Ijp7Im body:1756B
  API: GET 200 https://edge.wixapis.com/wix-data/v2/items/query?.r=eyJkYXRhQ29sbGVjdGlvbklkIjoicHJvcGVydGllcyIsInF1ZXJ5Ijp7Im body:1756B
  API: OPTIONS 204 https://edge.wixapis.com/members/v1/members/my?fieldsets=FULL 
  API: OPTIONS 204 https://edge.wixapis.com/wix-data/v2/items/query?.r=eyJkYXRhQ29sbGVjdGlvbklkIjoicHJvcGVydGllcyIsInF1ZXJ5Ijp7Im 
  API: OPTIONS 204 https://edge.wixapis.com/wix-data/v2/items/query?.r=eyJkYXRhQ29sbGVjdGlvbklkIjoicHJvcGVydGllcyIsInF1ZXJ5Ijp7Im 
  API: GET 200 https://edge.wixapis.com/wix-data/v2/items/query?.r=eyJkYXRhQ29sbGVjdGlvbklkIjoicHJvcGVydHlpbWFnZXMiLCJxdWVyeS body:6945895B
  API: OPTIONS 204 https://edge.wixapis.com/wix-data/v2/items/query?.r=eyJkYXRhQ29sbGVjdGlvbklkIjoicHJvcGVydHlpbWFnZXMiLCJxdWVyeS 
  API: POST 204 https://frog.wix.com/headless?_brandId=wix&_siteBranchId=undefined&_ms=1737&_isHeadless=undefined&_hostingPlat 
  API: GET 200 https://edge.wixapis.com/wix-data/v2/items/query?.r=eyJkYXRhQ29sbGVjdGlvbklkIjoicHJvcGVydHlpbWFnZXMiLCJxdWVyeS body:6945895B
  API: OPTIONS 204 https://edge.wixapis.com/wix-data/v2/items/query?.r=eyJkYXRhQ29sbGVjdGlvbklkIjoicHJvcGVydHlpbWFnZXMiLCJxdWVyeS 
  API: GET 200 https://www.wixapis.com/code/v1/public-config body:100B
  API: OPTIONS 204 https://www.wixapis.com/code/v1/public-config 
  API: GET 200 https://edge.wixapis.com/wix-data/v2/items/query?.r=eyJkYXRhQ29sbGVjdGlvbklkIjoicHJvcGVydHl2aWRlb3MiLCJxdWVyeS body:5995B
  API: OPTIONS 204 https://edge.wixapis.com/wix-data/v2/items/query?.r=eyJkYXRhQ29sbGVjdGlvbklkIjoicHJvcGVydHl2aWRlb3MiLCJxdWVyeS 
  API: GET 200 https://edge.wixapis.com/wix-data/v2/items/query?.r=eyJkYXRhQ29sbGVjdGlvbklkIjoicHJvcGVydHl2aWRlb3MiLCJxdWVyeS body:5995B
  API: OPTIONS 204 https://edge.wixapis.com/wix-data/v2/items/query?.r=eyJkYXRhQ29sbGVjdGlvbklkIjoicHJvcGVydHl2aWRlb3MiLCJxdWVyeS 

=== VISIT https://www.ssproperty.in/property/9eee2c09-0d4a-4898-ac5f-035437c361d8
  requests: 37 | textLen: 1193 | imgs: 2 broken: 0 | h1: ["Ready-to-Move 2 BHK Gated Society Flat Near Garia More"]
  API: GET 200 https://www.wixapis.com/_api/tag-manager/api/v1/tags/sites/d536d138-8337-44ec-9152-3b2a11e52ae9?wixSite=false& body:768B
  API: OPTIONS 204 https://www.wixapis.com/_api/tag-manager/api/v1/tags/sites/d536d138-8337-44ec-9152-3b2a11e52ae9?wixSite=false& 
  API: GET 403 https://edge.wixapis.com/members/v1/members/my?fieldsets=FULL body:96B
  API: GET 200 https://edge.wixapis.com/wix-data/v2/items/query?.r=eyJkYXRhQ29sbGVjdGlvbklkIjoicHJvcGVydGllcyIsInF1ZXJ5Ijp7Im body:1799B
  API: GET 200 https://edge.wixapis.com/wix-data/v2/items/query?.r=eyJkYXRhQ29sbGVjdGlvbklkIjoicHJvcGVydGllcyIsInF1ZXJ5Ijp7Im body:1799B
  API: OPTIONS 204 https://edge.wixapis.com/members/v1/members/my?fieldsets=FULL 
  API: OPTIONS 204 https://edge.wixapis.com/wix-data/v2/items/query?.r=eyJkYXRhQ29sbGVjdGlvbklkIjoicHJvcGVydGllcyIsInF1ZXJ5Ijp7Im 
  API: OPTIONS 204 https://edge.wixapis.com/wix-data/v2/items/query?.r=eyJkYXRhQ29sbGVjdGlvbklkIjoicHJvcGVydGllcyIsInF1ZXJ5Ijp7Im 
  API: POST 204 https://frog.wix.com/headless?_brandId=wix&_siteBranchId=undefined&_ms=1716&_isHeadless=undefined&_hostingPlat 
  API: GET 200 https://edge.wixapis.com/wix-data/v2/items/query?.r=eyJkYXRhQ29sbGVjdGlvbklkIjoicHJvcGVydHlpbWFnZXMiLCJxdWVyeS body:6945895B
  API: OPTIONS 204 https://edge.wixapis.com/wix-data/v2/items/query?.r=eyJkYXRhQ29sbGVjdGlvbklkIjoicHJvcGVydHlpbWFnZXMiLCJxdWVyeS 
  API: GET 200 https://edge.wixapis.com/wix-data/v2/items/query?.r=eyJkYXRhQ29sbGVjdGlvbklkIjoicHJvcGVydHlpbWFnZXMiLCJxdWVyeS body:6945895B
  API: OPTIONS 204 https://edge.wixapis.com/wix-data/v2/items/query?.r=eyJkYXRhQ29sbGVjdGlvbklkIjoicHJvcGVydHlpbWFnZXMiLCJxdWVyeS 
  API: GET 200 https://www.wixapis.com/code/v1/public-config body:100B
  API: OPTIONS 204 https://www.wixapis.com/code/v1/public-config 
  API: GET 200 https://edge.wixapis.com/wix-data/v2/items/query?.r=eyJkYXRhQ29sbGVjdGlvbklkIjoicHJvcGVydHl2aWRlb3MiLCJxdWVyeS body:5995B
  API: OPTIONS 204 https://edge.wixapis.com/wix-data/v2/items/query?.r=eyJkYXRhQ29sbGVjdGlvbklkIjoicHJvcGVydHl2aWRlb3MiLCJxdWVyeS 
  API: GET 200 https://edge.wixapis.com/wix-data/v2/items/query?.r=eyJkYXRhQ29sbGVjdGlvbklkIjoicHJvcGVydHl2aWRlb3MiLCJxdWVyeS body:5995B
  API: OPTIONS 204 https://edge.wixapis.com/wix-data/v2/items/query?.r=eyJkYXRhQ29sbGVjdGlvbklkIjoicHJvcGVydHl2aWRlb3MiLCJxdWVyeS 

=== VISIT https://www.ssproperty.in/property/b2d7ca00-a249-4411-a5ef-c57f03170891
  requests: 38 | textLen: 1156 | imgs: 3 broken: 0 | h1: ["4 BHK Flat in Lake Town Block A"]
  API: GET 200 https://www.wixapis.com/_api/tag-manager/api/v1/tags/sites/d536d138-8337-44ec-9152-3b2a11e52ae9?wixSite=false& body:768B
  API: OPTIONS 204 https://www.wixapis.com/_api/tag-manager/api/v1/tags/sites/d536d138-8337-44ec-9152-3b2a11e52ae9?wixSite=false& 
  API: GET 403 https://edge.wixapis.com/members/v1/members/my?fieldsets=FULL body:96B
  API: OPTIONS 204 https://edge.wixapis.com/members/v1/members/my?fieldsets=FULL 
  API: GET 200 https://edge.wixapis.com/wix-data/v2/items/query?.r=eyJkYXRhQ29sbGVjdGlvbklkIjoicHJvcGVydGllcyIsInF1ZXJ5Ijp7Im body:1800B
  API: GET 200 https://edge.wixapis.com/wix-data/v2/items/query?.r=eyJkYXRhQ29sbGVjdGlvbklkIjoicHJvcGVydGllcyIsInF1ZXJ5Ijp7Im body:1800B
  API: OPTIONS 204 https://edge.wixapis.com/wix-data/v2/items/query?.r=eyJkYXRhQ29sbGVjdGlvbklkIjoicHJvcGVydGllcyIsInF1ZXJ5Ijp7Im 
  API: OPTIONS 204 https://edge.wixapis.com/wix-data/v2/items/query?.r=eyJkYXRhQ29sbGVjdGlvbklkIjoicHJvcGVydGllcyIsInF1ZXJ5Ijp7Im 
  API: GET 200 https://edge.wixapis.com/wix-data/v2/items/query?.r=eyJkYXRhQ29sbGVjdGlvbklkIjoicHJvcGVydHlpbWFnZXMiLCJxdWVyeS body:6945895B
  API: OPTIONS 204 https://edge.wixapis.com/wix-data/v2/items/query?.r=eyJkYXRhQ29sbGVjdGlvbklkIjoicHJvcGVydHlpbWFnZXMiLCJxdWVyeS 
  API: GET 200 https://edge.wixapis.com/wix-data/v2/items/query?.r=eyJkYXRhQ29sbGVjdGlvbklkIjoicHJvcGVydHlpbWFnZXMiLCJxdWVyeS body:6945895B
  API: OPTIONS 204 https://edge.wixapis.com/wix-data/v2/items/query?.r=eyJkYXRhQ29sbGVjdGlvbklkIjoicHJvcGVydHlpbWFnZXMiLCJxdWVyeS 
  API: GET 200 https://www.wixapis.com/code/v1/public-config body:100B
  API: OPTIONS 204 https://www.wixapis.com/code/v1/public-config 
  API: POST 204 https://frog.wix.com/headless?_brandId=wix&_siteBranchId=undefined&_ms=2220&_isHeadless=undefined&_hostingPlat 
  API: GET 200 https://edge.wixapis.com/wix-data/v2/items/query?.r=eyJkYXRhQ29sbGVjdGlvbklkIjoicHJvcGVydHl2aWRlb3MiLCJxdWVyeS body:5995B
  API: OPTIONS 204 https://edge.wixapis.com/wix-data/v2/items/query?.r=eyJkYXRhQ29sbGVjdGlvbklkIjoicHJvcGVydHl2aWRlb3MiLCJxdWVyeS 
  API: GET 200 https://edge.wixapis.com/wix-data/v2/items/query?.r=eyJkYXRhQ29sbGVjdGlvbklkIjoicHJvcGVydHl2aWRlb3MiLCJxdWVyeS body:5995B
  API: OPTIONS 204 https://edge.wixapis.com/wix-data/v2/items/query?.r=eyJkYXRhQ29sbGVjdGlvbklkIjoicHJvcGVydHl2aWRlb3MiLCJxdWVyeS 

=== VISIT https://www.ssproperty.in/property/b9501e47-d299-4ecf-bc5c-96a6d2257177
  requests: 38 | textLen: 1391 | imgs: 3 broken: 0 | h1: ["Luxurious 4 BHK Flat in Lake Town Block A"]
  API: GET 200 https://www.wixapis.com/_api/tag-manager/api/v1/tags/sites/d536d138-8337-44ec-9152-3b2a11e52ae9?wixSite=false& body:768B
  API: OPTIONS 204 https://www.wixapis.com/_api/tag-manager/api/v1/tags/sites/d536d138-8337-44ec-9152-3b2a11e52ae9?wixSite=false& 
  API: GET 403 https://edge.wixapis.com/members/v1/members/my?fieldsets=FULL body:96B
  API: GET 200 https://edge.wixapis.com/wix-data/v2/items/query?.r=eyJkYXRhQ29sbGVjdGlvbklkIjoicHJvcGVydGllcyIsInF1ZXJ5Ijp7Im body:1832B
  API: GET 200 https://edge.wixapis.com/wix-data/v2/items/query?.r=eyJkYXRhQ29sbGVjdGlvbklkIjoicHJvcGVydGllcyIsInF1ZXJ5Ijp7Im body:1832B
  API: OPTIONS 204 https://edge.wixapis.com/members/v1/members/my?fieldsets=FULL 
  API: OPTIONS 204 https://edge.wixapis.com/wix-data/v2/items/query?.r=eyJkYXRhQ29sbGVjdGlvbklkIjoicHJvcGVydGllcyIsInF1ZXJ5Ijp7Im 
  API: OPTIONS 204 https://edge.wixapis.com/wix-data/v2/items/query?.r=eyJkYXRhQ29sbGVjdGlvbklkIjoicHJvcGVydGllcyIsInF1ZXJ5Ijp7Im 
  API: GET 200 https://edge.wixapis.com/wix-data/v2/items/query?.r=eyJkYXRhQ29sbGVjdGlvbklkIjoicHJvcGVydHlpbWFnZXMiLCJxdWVyeS body:6945895B
  API: OPTIONS 204 https://edge.wixapis.com/wix-data/v2/items/query?.r=eyJkYXRhQ29sbGVjdGlvbklkIjoicHJvcGVydHlpbWFnZXMiLCJxdWVyeS 
  API: GET 200 https://edge.wixapis.com/wix-data/v2/items/query?.r=eyJkYXRhQ29sbGVjdGlvbklkIjoicHJvcGVydHlpbWFnZXMiLCJxdWVyeS body:6945895B
  API: OPTIONS 204 https://edge.wixapis.com/wix-data/v2/items/query?.r=eyJkYXRhQ29sbGVjdGlvbklkIjoicHJvcGVydHlpbWFnZXMiLCJxdWVyeS 
  API: GET 200 https://www.wixapis.com/code/v1/public-config body:100B
  API: OPTIONS 204 https://www.wixapis.com/code/v1/public-config 
  API: POST 204 https://frog.wix.com/headless?_brandId=wix&_siteBranchId=undefined&_ms=1676&_isHeadless=undefined&_hostingPlat 
  API: GET 200 https://edge.wixapis.com/wix-data/v2/items/query?.r=eyJkYXRhQ29sbGVjdGlvbklkIjoicHJvcGVydHl2aWRlb3MiLCJxdWVyeS body:5995B
  API: OPTIONS 204 https://edge.wixapis.com/wix-data/v2/items/query?.r=eyJkYXRhQ29sbGVjdGlvbklkIjoicHJvcGVydHl2aWRlb3MiLCJxdWVyeS 
  API: GET 200 https://edge.wixapis.com/wix-data/v2/items/query?.r=eyJkYXRhQ29sbGVjdGlvbklkIjoicHJvcGVydHl2aWRlb3MiLCJxdWVyeS body:5995B
  API: OPTIONS 204 https://edge.wixapis.com/wix-data/v2/items/query?.r=eyJkYXRhQ29sbGVjdGlvbklkIjoicHJvcGVydHl2aWRlb3MiLCJxdWVyeS 

=== VISIT https://www.ssproperty.in/property/c7494b18-e81a-478f-a0cb-f43abb641a9b
  requests: 37 | textLen: 1209 | imgs: 2 broken: 0 | h1: ["3 BHK Luxury Flat in Complex with Infinity Pool — Newtown"]
  API: GET 200 https://www.wixapis.com/_api/tag-manager/api/v1/tags/sites/d536d138-8337-44ec-9152-3b2a11e52ae9?wixSite=false& body:768B
  API: OPTIONS 204 https://www.wixapis.com/_api/tag-manager/api/v1/tags/sites/d536d138-8337-44ec-9152-3b2a11e52ae9?wixSite=false& 
  API: GET 403 https://edge.wixapis.com/members/v1/members/my?fieldsets=FULL body:96B
  API: GET 200 https://edge.wixapis.com/wix-data/v2/items/query?.r=eyJkYXRhQ29sbGVjdGlvbklkIjoicHJvcGVydGllcyIsInF1ZXJ5Ijp7Im body:2015B
  API: GET 200 https://edge.wixapis.com/wix-data/v2/items/query?.r=eyJkYXRhQ29sbGVjdGlvbklkIjoicHJvcGVydGllcyIsInF1ZXJ5Ijp7Im body:2015B
  API: OPTIONS 204 https://edge.wixapis.com/members/v1/members/my?fieldsets=FULL 
  API: OPTIONS 204 https://edge.wixapis.com/wix-data/v2/items/query?.r=eyJkYXRhQ29sbGVjdGlvbklkIjoicHJvcGVydGllcyIsInF1ZXJ5Ijp7Im 
  API: OPTIONS 204 https://edge.wixapis.com/wix-data/v2/items/query?.r=eyJkYXRhQ29sbGVjdGlvbklkIjoicHJvcGVydGllcyIsInF1ZXJ5Ijp7Im 
  API: GET 200 https://edge.wixapis.com/wix-data/v2/items/query?.r=eyJkYXRhQ29sbGVjdGlvbklkIjoicHJvcGVydHlpbWFnZXMiLCJxdWVyeS body:6945895B
  API: OPTIONS 204 https://edge.wixapis.com/wix-data/v2/items/query?.r=eyJkYXRhQ29sbGVjdGlvbklkIjoicHJvcGVydHlpbWFnZXMiLCJxdWVyeS 
  API: GET 200 https://www.wixapis.com/code/v1/public-config body:100B
  API: OPTIONS 204 https://www.wixapis.com/code/v1/public-config 
  API: GET 200 https://edge.wixapis.com/wix-data/v2/items/query?.r=eyJkYXRhQ29sbGVjdGlvbklkIjoicHJvcGVydHlpbWFnZXMiLCJxdWVyeS body:6945895B
  API: OPTIONS 204 https://edge.wixapis.com/wix-data/v2/items/query?.r=eyJkYXRhQ29sbGVjdGlvbklkIjoicHJvcGVydHlpbWFnZXMiLCJxdWVyeS 
  API: POST 204 https://frog.wix.com/headless?_brandId=wix&_siteBranchId=undefined&_ms=1724&_isHeadless=undefined&_hostingPlat 
  API: GET 200 https://edge.wixapis.com/wix-data/v2/items/query?.r=eyJkYXRhQ29sbGVjdGlvbklkIjoicHJvcGVydHl2aWRlb3MiLCJxdWVyeS body:5995B
  API: OPTIONS 204 https://edge.wixapis.com/wix-data/v2/items/query?.r=eyJkYXRhQ29sbGVjdGlvbklkIjoicHJvcGVydHl2aWRlb3MiLCJxdWVyeS 
  API: GET 200 https://edge.wixapis.com/wix-data/v2/items/query?.r=eyJkYXRhQ29sbGVjdGlvbklkIjoicHJvcGVydHl2aWRlb3MiLCJxdWVyeS body:5995B
  API: OPTIONS 204 https://edge.wixapis.com/wix-data/v2/items/query?.r=eyJkYXRhQ29sbGVjdGlvbklkIjoicHJvcGVydHl2aWRlb3MiLCJxdWVyeS 

=== VISIT https://www.ssproperty.in/property/d4a181c1-07ea-47b3-ae9b-60a34b673f71
  requests: 38 | textLen: 1366 | imgs: 3 broken: 0 | h1: ["Ready-to-Move 2 BHK in Rajarhat, Bablatala"]
  API: GET 200 https://www.wixapis.com/_api/tag-manager/api/v1/tags/sites/d536d138-8337-44ec-9152-3b2a11e52ae9?wixSite=false& body:768B
  API: OPTIONS 204 https://www.wixapis.com/_api/tag-manager/api/v1/tags/sites/d536d138-8337-44ec-9152-3b2a11e52ae9?wixSite=false& 
  API: GET 403 https://edge.wixapis.com/members/v1/members/my?fieldsets=FULL body:96B
  API: GET 200 https://edge.wixapis.com/wix-data/v2/items/query?.r=eyJkYXRhQ29sbGVjdGlvbklkIjoicHJvcGVydGllcyIsInF1ZXJ5Ijp7Im body:1886B
  API: GET 200 https://edge.wixapis.com/wix-data/v2/items/query?.r=eyJkYXRhQ29sbGVjdGlvbklkIjoicHJvcGVydGllcyIsInF1ZXJ5Ijp7Im body:1886B
  API: OPTIONS 204 https://edge.wixapis.com/members/v1/members/my?fieldsets=FULL 
  API: OPTIONS 204 https://edge.wixapis.com/wix-data/v2/items/query?.r=eyJkYXRhQ29sbGVjdGlvbklkIjoicHJvcGVydGllcyIsInF1ZXJ5Ijp7Im 
  API: OPTIONS 204 https://edge.wixapis.com/wix-data/v2/items/query?.r=eyJkYXRhQ29sbGVjdGlvbklkIjoicHJvcGVydGllcyIsInF1ZXJ5Ijp7Im 
  API: GET 200 https://edge.wixapis.com/wix-data/v2/items/query?.r=eyJkYXRhQ29sbGVjdGlvbklkIjoicHJvcGVydHlpbWFnZXMiLCJxdWVyeS body:6945895B
  API: OPTIONS 204 https://edge.wixapis.com/wix-data/v2/items/query?.r=eyJkYXRhQ29sbGVjdGlvbklkIjoicHJvcGVydHlpbWFnZXMiLCJxdWVyeS 
  API: GET 200 https://edge.wixapis.com/wix-data/v2/items/query?.r=eyJkYXRhQ29sbGVjdGlvbklkIjoicHJvcGVydHlpbWFnZXMiLCJxdWVyeS body:6945895B
  API: OPTIONS 204 https://edge.wixapis.com/wix-data/v2/items/query?.r=eyJkYXRhQ29sbGVjdGlvbklkIjoicHJvcGVydHlpbWFnZXMiLCJxdWVyeS 
  API: GET 200 https://www.wixapis.com/code/v1/public-config body:100B
  API: OPTIONS 204 https://www.wixapis.com/code/v1/public-config 
  API: POST 204 https://frog.wix.com/headless?_brandId=wix&_siteBranchId=undefined&_ms=1731&_isHeadless=undefined&_hostingPlat 
  API: GET 200 https://edge.wixapis.com/wix-data/v2/items/query?.r=eyJkYXRhQ29sbGVjdGlvbklkIjoicHJvcGVydHl2aWRlb3MiLCJxdWVyeS body:5995B
  API: OPTIONS 204 https://edge.wixapis.com/wix-data/v2/items/query?.r=eyJkYXRhQ29sbGVjdGlvbklkIjoicHJvcGVydHl2aWRlb3MiLCJxdWVyeS 
  API: GET 200 https://edge.wixapis.com/wix-data/v2/items/query?.r=eyJkYXRhQ29sbGVjdGlvbklkIjoicHJvcGVydHl2aWRlb3MiLCJxdWVyeS body:5995B
  API: OPTIONS 204 https://edge.wixapis.com/wix-data/v2/items/query?.r=eyJkYXRhQ29sbGVjdGlvbklkIjoicHJvcGVydHl2aWRlb3MiLCJxdWVyeS 

=== VISIT https://www.ssproperty.in/property/d97b4b66-08e0-4962-8e6b-6ad9a160a110
  requests: 38 | textLen: 1421 | imgs: 3 broken: 0 | h1: ["Luxurious 4 BHK Flat in Lake Town"]
  API: GET 200 https://www.wixapis.com/_api/tag-manager/api/v1/tags/sites/d536d138-8337-44ec-9152-3b2a11e52ae9?wixSite=false& body:768B
  API: OPTIONS 204 https://www.wixapis.com/_api/tag-manager/api/v1/tags/sites/d536d138-8337-44ec-9152-3b2a11e52ae9?wixSite=false& 
  API: GET 403 https://edge.wixapis.com/members/v1/members/my?fieldsets=FULL body:96B
  API: GET 200 https://edge.wixapis.com/wix-data/v2/items/query?.r=eyJkYXRhQ29sbGVjdGlvbklkIjoicHJvcGVydGllcyIsInF1ZXJ5Ijp7Im body:1875B
  API: GET 200 https://edge.wixapis.com/wix-data/v2/items/query?.r=eyJkYXRhQ29sbGVjdGlvbklkIjoicHJvcGVydGllcyIsInF1ZXJ5Ijp7Im body:1875B
  API: OPTIONS 204 https://edge.wixapis.com/members/v1/members/my?fieldsets=FULL 
  API: OPTIONS 204 https://edge.wixapis.com/wix-data/v2/items/query?.r=eyJkYXRhQ29sbGVjdGlvbklkIjoicHJvcGVydGllcyIsInF1ZXJ5Ijp7Im 
  API: OPTIONS 204 https://edge.wixapis.com/wix-data/v2/items/query?.r=eyJkYXRhQ29sbGVjdGlvbklkIjoicHJvcGVydGllcyIsInF1ZXJ5Ijp7Im 
  API: GET 200 https://edge.wixapis.com/wix-data/v2/items/query?.r=eyJkYXRhQ29sbGVjdGlvbklkIjoicHJvcGVydHlpbWFnZXMiLCJxdWVyeS body:6945895B
  API: OPTIONS 204 https://edge.wixapis.com/wix-data/v2/items/query?.r=eyJkYXRhQ29sbGVjdGlvbklkIjoicHJvcGVydHlpbWFnZXMiLCJxdWVyeS 
  API: GET 200 https://edge.wixapis.com/wix-data/v2/items/query?.r=eyJkYXRhQ29sbGVjdGlvbklkIjoicHJvcGVydHlpbWFnZXMiLCJxdWVyeS body:6945895B
  API: OPTIONS 204 https://edge.wixapis.com/wix-data/v2/items/query?.r=eyJkYXRhQ29sbGVjdGlvbklkIjoicHJvcGVydHlpbWFnZXMiLCJxdWVyeS 
  API: GET 200 https://www.wixapis.com/code/v1/public-config body:100B
  API: OPTIONS 204 https://www.wixapis.com/code/v1/public-config 
  API: POST 204 https://frog.wix.com/headless?_brandId=wix&_siteBranchId=undefined&_ms=1695&_isHeadless=undefined&_hostingPlat 
  API: GET 200 https://edge.wixapis.com/wix-data/v2/items/query?.r=eyJkYXRhQ29sbGVjdGlvbklkIjoicHJvcGVydHl2aWRlb3MiLCJxdWVyeS body:5995B
  API: OPTIONS 204 https://edge.wixapis.com/wix-data/v2/items/query?.r=eyJkYXRhQ29sbGVjdGlvbklkIjoicHJvcGVydHl2aWRlb3MiLCJxdWVyeS 
  API: GET 200 https://edge.wixapis.com/wix-data/v2/items/query?.r=eyJkYXRhQ29sbGVjdGlvbklkIjoicHJvcGVydHl2aWRlb3MiLCJxdWVyeS body:5995B
  API: OPTIONS 204 https://edge.wixapis.com/wix-data/v2/items/query?.r=eyJkYXRhQ29sbGVjdGlvbklkIjoicHJvcGVydHl2aWRlb3MiLCJxdWVyeS 

=== VISIT https://www.ssproperty.in/property/e1534117-1acb-45a8-a338-f769ca259f12
  requests: 38 | textLen: 1336 | imgs: 3 broken: 0 | h1: ["Spacious 3 BHK Semifurnished Flat in Rajarhat"]
  API: GET 200 https://www.wixapis.com/_api/tag-manager/api/v1/tags/sites/d536d138-8337-44ec-9152-3b2a11e52ae9?wixSite=false& body:768B
  API: OPTIONS 204 https://www.wixapis.com/_api/tag-manager/api/v1/tags/sites/d536d138-8337-44ec-9152-3b2a11e52ae9?wixSite=false& 
  API: GET 403 https://edge.wixapis.com/members/v1/members/my?fieldsets=FULL body:96B
  API: GET 200 https://edge.wixapis.com/wix-data/v2/items/query?.r=eyJkYXRhQ29sbGVjdGlvbklkIjoicHJvcGVydGllcyIsInF1ZXJ5Ijp7Im body:1760B
  API: GET 200 https://edge.wixapis.com/wix-data/v2/items/query?.r=eyJkYXRhQ29sbGVjdGlvbklkIjoicHJvcGVydGllcyIsInF1ZXJ5Ijp7Im body:1760B
  API: OPTIONS 204 https://edge.wixapis.com/members/v1/members/my?fieldsets=FULL 
  API: OPTIONS 204 https://edge.wixapis.com/wix-data/v2/items/query?.r=eyJkYXRhQ29sbGVjdGlvbklkIjoicHJvcGVydGllcyIsInF1ZXJ5Ijp7Im 
  API: OPTIONS 204 https://edge.wixapis.com/wix-data/v2/items/query?.r=eyJkYXRhQ29sbGVjdGlvbklkIjoicHJvcGVydGllcyIsInF1ZXJ5Ijp7Im 
  API: GET 200 https://edge.wixapis.com/wix-data/v2/items/query?.r=eyJkYXRhQ29sbGVjdGlvbklkIjoicHJvcGVydHlpbWFnZXMiLCJxdWVyeS body:6945895B
  API: OPTIONS 204 https://edge.wixapis.com/wix-data/v2/items/query?.r=eyJkYXRhQ29sbGVjdGlvbklkIjoicHJvcGVydHlpbWFnZXMiLCJxdWVyeS 
  API: GET 200 https://edge.wixapis.com/wix-data/v2/items/query?.r=eyJkYXRhQ29sbGVjdGlvbklkIjoicHJvcGVydHlpbWFnZXMiLCJxdWVyeS body:6945895B
  API: OPTIONS 204 https://edge.wixapis.com/wix-data/v2/items/query?.r=eyJkYXRhQ29sbGVjdGlvbklkIjoicHJvcGVydHlpbWFnZXMiLCJxdWVyeS 
  API: POST 204 https://frog.wix.com/headless?_brandId=wix&_siteBranchId=undefined&_ms=1554&_isHeadless=undefined&_hostingPlat 
  API: GET 200 https://www.wixapis.com/code/v1/public-config body:100B
  API: OPTIONS 204 https://www.wixapis.com/code/v1/public-config 
  API: GET 200 https://edge.wixapis.com/wix-data/v2/items/query?.r=eyJkYXRhQ29sbGVjdGlvbklkIjoicHJvcGVydHl2aWRlb3MiLCJxdWVyeS body:5995B
  API: OPTIONS 204 https://edge.wixapis.com/wix-data/v2/items/query?.r=eyJkYXRhQ29sbGVjdGlvbklkIjoicHJvcGVydHl2aWRlb3MiLCJxdWVyeS 
  API: GET 200 https://edge.wixapis.com/wix-data/v2/items/query?.r=eyJkYXRhQ29sbGVjdGlvbklkIjoicHJvcGVydHl2aWRlb3MiLCJxdWVyeS body:5995B
  API: OPTIONS 204 https://edge.wixapis.com/wix-data/v2/items/query?.r=eyJkYXRhQ29sbGVjdGlvbklkIjoicHJvcGVydHl2aWRlb3MiLCJxdWVyeS 

=== VISIT https://www.ssproperty.in/property/e911f87a-f3bf-41ff-8d84-331cde9a4e09
  requests: 38 | textLen: 1149 | imgs: 3 broken: 0 | h1: ["3 BHK Flat in Bangur Avenue, Lake Town"]
  API: GET 200 https://www.wixapis.com/_api/tag-manager/api/v1/tags/sites/d536d138-8337-44ec-9152-3b2a11e52ae9?wixSite=false& body:768B
  API: OPTIONS 204 https://www.wixapis.com/_api/tag-manager/api/v1/tags/sites/d536d138-8337-44ec-9152-3b2a11e52ae9?wixSite=false& 
  API: GET 403 https://edge.wixapis.com/members/v1/members/my?fieldsets=FULL body:96B
  API: GET 200 https://edge.wixapis.com/wix-data/v2/items/query?.r=eyJkYXRhQ29sbGVjdGlvbklkIjoicHJvcGVydGllcyIsInF1ZXJ5Ijp7Im body:1749B
  API: GET 200 https://edge.wixapis.com/wix-data/v2/items/query?.r=eyJkYXRhQ29sbGVjdGlvbklkIjoicHJvcGVydGllcyIsInF1ZXJ5Ijp7Im body:1749B
  API: OPTIONS 204 https://edge.wixapis.com/members/v1/members/my?fieldsets=FULL 
  API: OPTIONS 204 https://edge.wixapis.com/wix-data/v2/items/query?.r=eyJkYXRhQ29sbGVjdGlvbklkIjoicHJvcGVydGllcyIsInF1ZXJ5Ijp7Im 
  API: OPTIONS 204 https://edge.wixapis.com/wix-data/v2/items/query?.r=eyJkYXRhQ29sbGVjdGlvbklkIjoicHJvcGVydGllcyIsInF1ZXJ5Ijp7Im 
  API: GET 200 https://edge.wixapis.com/wix-data/v2/items/query?.r=eyJkYXRhQ29sbGVjdGlvbklkIjoicHJvcGVydHlpbWFnZXMiLCJxdWVyeS body:6945895B
  API: OPTIONS 204 https://edge.wixapis.com/wix-data/v2/items/query?.r=eyJkYXRhQ29sbGVjdGlvbklkIjoicHJvcGVydHlpbWFnZXMiLCJxdWVyeS 
  API: GET 200 https://edge.wixapis.com/wix-data/v2/items/query?.r=eyJkYXRhQ29sbGVjdGlvbklkIjoicHJvcGVydHlpbWFnZXMiLCJxdWVyeS body:6945895B
  API: OPTIONS 204 https://edge.wixapis.com/wix-data/v2/items/query?.r=eyJkYXRhQ29sbGVjdGlvbklkIjoicHJvcGVydHlpbWFnZXMiLCJxdWVyeS 
  API: GET 200 https://www.wixapis.com/code/v1/public-config body:100B
  API: OPTIONS 204 https://www.wixapis.com/code/v1/public-config 
  API: POST 204 https://frog.wix.com/headless?_brandId=wix&_siteBranchId=undefined&_ms=1668&_isHeadless=undefined&_hostingPlat 
  API: GET 200 https://edge.wixapis.com/wix-data/v2/items/query?.r=eyJkYXRhQ29sbGVjdGlvbklkIjoicHJvcGVydHl2aWRlb3MiLCJxdWVyeS body:5995B
  API: OPTIONS 204 https://edge.wixapis.com/wix-data/v2/items/query?.r=eyJkYXRhQ29sbGVjdGlvbklkIjoicHJvcGVydHl2aWRlb3MiLCJxdWVyeS 
  API: GET 200 https://edge.wixapis.com/wix-data/v2/items/query?.r=eyJkYXRhQ29sbGVjdGlvbklkIjoicHJvcGVydHl2aWRlb3MiLCJxdWVyeS body:5995B
  API: OPTIONS 204 https://edge.wixapis.com/wix-data/v2/items/query?.r=eyJkYXRhQ29sbGVjdGlvbklkIjoicHJvcGVydHl2aWRlb3MiLCJxdWVyeS 

=== VISIT https://www.ssproperty.in/blog/47ea5159-5508-4052-b1fb-a66a72c23994
  requests: 28 | textLen: 1188 | imgs: 3 broken: 0 | h1: ["First-Time Homebuyer's Checklist: What You Need to Know"]
  API: OPTIONS 204 https://www.wixapis.com/_api/tag-manager/api/v1/tags/sites/d536d138-8337-44ec-9152-3b2a11e52ae9?wixSite=false& 
  API: GET 200 https://www.wixapis.com/_api/tag-manager/api/v1/tags/sites/d536d138-8337-44ec-9152-3b2a11e52ae9?wixSite=false& body:768B
  API: GET 403 https://edge.wixapis.com/members/v1/members/my?fieldsets=FULL body:96B
  API: GET 200 https://edge.wixapis.com/wix-data/v2/items/query?.r=eyJkYXRhQ29sbGVjdGlvbklkIjoiYmxvZ3Bvc3RzIiwicXVlcnkiOnsiZm body:1068B
  API: OPTIONS 204 https://edge.wixapis.com/members/v1/members/my?fieldsets=FULL 
  API: OPTIONS 204 https://edge.wixapis.com/wix-data/v2/items/query?.r=eyJkYXRhQ29sbGVjdGlvbklkIjoiYmxvZ3Bvc3RzIiwicXVlcnkiOnsiZm 
  API: POST 204 https://frog.wix.com/headless?_brandId=wix&_siteBranchId=undefined&_ms=1579&_isHeadless=undefined&_hostingPlat 
  API: GET 200 https://www.wixapis.com/code/v1/public-config body:100B
  API: OPTIONS 204 https://www.wixapis.com/code/v1/public-config 

=== VISIT https://www.ssproperty.in/blog/7cdffa12-2922-4018-afc1-4bec360a04e7
  requests: 28 | textLen: 1207 | imgs: 3 broken: 0 | h1: ["Selling Your Home in a Competitive Market: Strategies for Success"]
  API: GET 200 https://www.wixapis.com/_api/tag-manager/api/v1/tags/sites/d536d138-8337-44ec-9152-3b2a11e52ae9?wixSite=false& body:768B
  API: OPTIONS 204 https://www.wixapis.com/_api/tag-manager/api/v1/tags/sites/d536d138-8337-44ec-9152-3b2a11e52ae9?wixSite=false& 
  API: GET 403 https://edge.wixapis.com/members/v1/members/my?fieldsets=FULL body:96B
  API: GET 200 https://edge.wixapis.com/wix-data/v2/items/query?.r=eyJkYXRhQ29sbGVjdGlvbklkIjoiYmxvZ3Bvc3RzIiwicXVlcnkiOnsiZm body:1082B
  API: OPTIONS 204 https://edge.wixapis.com/members/v1/members/my?fieldsets=FULL 
  API: OPTIONS 204 https://edge.wixapis.com/wix-data/v2/items/query?.r=eyJkYXRhQ29sbGVjdGlvbklkIjoiYmxvZ3Bvc3RzIiwicXVlcnkiOnsiZm 
  API: POST 204 https://frog.wix.com/headless?_brandId=wix&_siteBranchId=undefined&_ms=1758&_isHeadless=undefined&_hostingPlat 
  API: GET 200 https://www.wixapis.com/code/v1/public-config body:100B
  API: OPTIONS 204 https://www.wixapis.com/code/v1/public-config 

=== VISIT https://www.ssproperty.in/blog/935c5579-a97d-4365-99cb-90cae07d09ad
  requests: 28 | textLen: 1200 | imgs: 3 broken: 0 | h1: ["The Benefits of Investing in Rental Properties"]
  API: GET 200 https://www.wixapis.com/_api/tag-manager/api/v1/tags/sites/d536d138-8337-44ec-9152-3b2a11e52ae9?wixSite=false& body:768B
  API: OPTIONS 204 https://www.wixapis.com/_api/tag-manager/api/v1/tags/sites/d536d138-8337-44ec-9152-3b2a11e52ae9?wixSite=false& 
  API: GET 403 https://edge.wixapis.com/members/v1/members/my?fieldsets=FULL body:96B
  API: GET 200 https://edge.wixapis.com/wix-data/v2/items/query?.r=eyJkYXRhQ29sbGVjdGlvbklkIjoiYmxvZ3Bvc3RzIiwicXVlcnkiOnsiZm body:1081B
  API: OPTIONS 204 https://edge.wixapis.com/members/v1/members/my?fieldsets=FULL 
  API: OPTIONS 204 https://edge.wixapis.com/wix-data/v2/items/query?.r=eyJkYXRhQ29sbGVjdGlvbklkIjoiYmxvZ3Bvc3RzIiwicXVlcnkiOnsiZm 
  API: POST 204 https://frog.wix.com/headless?_brandId=wix&_siteBranchId=undefined&_ms=1637&_isHeadless=undefined&_hostingPlat 
  API: GET 200 https://www.wixapis.com/code/v1/public-config body:100B
  API: OPTIONS 204 https://www.wixapis.com/code/v1/public-config 

=== VISIT https://www.ssproperty.in/blog/bca161f6-8586-46ea-ab37-1f1b415243f2
  requests: 28 | textLen: 1217 | imgs: 3 broken: 0 | h1: ["Understanding the Current Housing Market: A Buyer's Guide"]
  API: GET 200 https://www.wixapis.com/_api/tag-manager/api/v1/tags/sites/d536d138-8337-44ec-9152-3b2a11e52ae9?wixSite=false& body:768B
  API: OPTIONS 204 https://www.wixapis.com/_api/tag-manager/api/v1/tags/sites/d536d138-8337-44ec-9152-3b2a11e52ae9?wixSite=false& 
  API: GET 403 https://edge.wixapis.com/members/v1/members/my?fieldsets=FULL body:96B
  API: GET 200 https://edge.wixapis.com/wix-data/v2/items/query?.r=eyJkYXRhQ29sbGVjdGlvbklkIjoiYmxvZ3Bvc3RzIiwicXVlcnkiOnsiZm body:1094B
  API: OPTIONS 204 https://edge.wixapis.com/members/v1/members/my?fieldsets=FULL 
  API: OPTIONS 204 https://edge.wixapis.com/wix-data/v2/items/query?.r=eyJkYXRhQ29sbGVjdGlvbklkIjoiYmxvZ3Bvc3RzIiwicXVlcnkiOnsiZm 
  API: POST 204 https://frog.wix.com/headless?_brandId=wix&_siteBranchId=undefined&_ms=1457&_isHeadless=undefined&_hostingPlat 
  API: GET 200 https://www.wixapis.com/code/v1/public-config body:100B
  API: OPTIONS 204 https://www.wixapis.com/code/v1/public-config 

=== VISIT https://www.ssproperty.in/blog/f002d0ad-d12b-4387-bab3-6ab64f855db0
  requests: 28 | textLen: 1223 | imgs: 3 broken: 0 | h1: ["Top 5 Home Improvements for Maximizing Resale Value"]
  API: GET 200 https://www.wixapis.com/_api/tag-manager/api/v1/tags/sites/d536d138-8337-44ec-9152-3b2a11e52ae9?wixSite=false& body:768B
  API: OPTIONS 204 https://www.wixapis.com/_api/tag-manager/api/v1/tags/sites/d536d138-8337-44ec-9152-3b2a11e52ae9?wixSite=false& 
  API: GET 403 https://edge.wixapis.com/members/v1/members/my?fieldsets=FULL body:96B
  API: GET 200 https://edge.wixapis.com/wix-data/v2/items/query?.r=eyJkYXRhQ29sbGVjdGlvbklkIjoiYmxvZ3Bvc3RzIiwicXVlcnkiOnsiZm body:1099B
  API: OPTIONS 204 https://edge.wixapis.com/members/v1/members/my?fieldsets=FULL 
  API: OPTIONS 204 https://edge.wixapis.com/wix-data/v2/items/query?.r=eyJkYXRhQ29sbGVjdGlvbklkIjoiYmxvZ3Bvc3RzIiwicXVlcnkiOnsiZm 
  API: POST 204 https://frog.wix.com/headless?_brandId=wix&_siteBranchId=undefined&_ms=1630&_isHeadless=undefined&_hostingPlat 
  API: GET 200 https://www.wixapis.com/code/v1/public-config body:100B
  API: OPTIONS 204 https://www.wixapis.com/code/v1/public-config 

=== VISIT https://www.ssproperty.in/blog/f552939a-015d-47d7-9629-5ee4b1163091
  requests: 28 | textLen: 1174 | imgs: 3 broken: 0 | h1: ["Decoding Mortgage Rates: Factors That Influence Your Loan"]
  API: OPTIONS 204 https://www.wixapis.com/_api/tag-manager/api/v1/tags/sites/d536d138-8337-44ec-9152-3b2a11e52ae9?wixSite=false& 
  API: GET 200 https://www.wixapis.com/_api/tag-manager/api/v1/tags/sites/d536d138-8337-44ec-9152-3b2a11e52ae9?wixSite=false& body:768B
  API: GET 403 https://edge.wixapis.com/members/v1/members/my?fieldsets=FULL body:96B
  API: GET 200 https://edge.wixapis.com/wix-data/v2/items/query?.r=eyJkYXRhQ29sbGVjdGlvbklkIjoiYmxvZ3Bvc3RzIiwicXVlcnkiOnsiZm body:1053B
  API: OPTIONS 204 https://edge.wixapis.com/members/v1/members/my?fieldsets=FULL 
  API: OPTIONS 204 https://edge.wixapis.com/wix-data/v2/items/query?.r=eyJkYXRhQ29sbGVjdGlvbklkIjoiYmxvZ3Bvc3RzIiwicXVlcnkiOnsiZm 
  API: POST 204 https://frog.wix.com/headless?_brandId=wix&_siteBranchId=undefined&_ms=1669&_isHeadless=undefined&_hostingPlat 
  API: GET 200 https://www.wixapis.com/code/v1/public-config body:100B
  API: OPTIONS 204 https://www.wixapis.com/code/v1/public-config 

DONE. pages: 21 internal routes seen: 0
