OK  / | text:9932 imgs:39 broken:0 ext:0 errs:0 | Find a Property
You'll Love to
Call Home.
OK  /property/743055fa-20d3-496f-b9d9-393924e223ba | text:1310 imgs:2 broken:0 ext:0 errs:0 | Furnished Commercial Space for Sale Next to Chandn
OK  /property/007e57c0-b818-4005-b8e2-3c67c9a26cb5 | text:1240 imgs:2 broken:0 ext:0 errs:0 | Ready-to-Move 2 BHK Furnished Flat Near Acropolis 
OK  /property/9e2c5d3d-f7a8-4ea5-8901-2231842fd596 | text:1168 imgs:2 broken:0 ext:0 errs:0 | 3 BHK Fully Furnished Flat in Chinar Park
OK  /property/523a8c56-1b1d-453f-b82e-28b0e321798d | text:1158 imgs:2 broken:0 ext:0 errs:0 | Urban Lakes Konnagar 2 BHK Flat
OK  /property/c7494b18-e81a-478f-a0cb-f43abb641a9b | text:1209 imgs:2 broken:0 ext:0 errs:0 | 3 BHK Luxury Flat in Complex with Infinity Pool — 
OK  /property/3930b887-9f6e-4e5c-a3ab-9e15911c3dbd | text:1150 imgs:3 broken:0 ext:0 errs:0 | 4 BHK Ready to Move Flat with Covered Parking in L
OK  /property/9eee2c09-0d4a-4898-ac5f-035437c361d8 | text:1193 imgs:2 broken:0 ext:0 errs:0 | Ready-to-Move 2 BHK Gated Society Flat Near Garia 
OK  /property/b2d7ca00-a249-4411-a5ef-c57f03170891 | text:1149 imgs:3 broken:0 ext:0 errs:0 | 4 BHK Flat in Lake Town Block A
OK  /property/e911f87a-f3bf-41ff-8d84-331cde9a4e09 | text:1149 imgs:3 broken:0 ext:0 errs:0 | 3 BHK Flat in Bangur Avenue, Lake Town
OK  /property/1cf3cbaa-7933-45b3-9451-137d8b663e3a | text:1204 imgs:3 broken:0 ext:0 errs:0 | Luxury apartment
OK  /property/03965c67-6e19-4c8d-af1b-d8bacf5e3ea4 | text:1323 imgs:2 broken:0 ext:0 errs:0 | 4 BHK Flat in Lake Town Block A
OK  /property/9918382c-8a94-43fa-a160-fcb1b00e453c | text:1438 imgs:2 broken:0 ext:0 errs:0 | Ready to Move 3 BHK in Howrah AC Market Area
OK  /property/d4a181c1-07ea-47b3-ae9b-60a34b673f71 | text:1400 imgs:2 broken:0 ext:0 errs:0 | Ready-to-Move 2 BHK in Rajarhat, Bablatala
OK  /property/d97b4b66-08e0-4962-8e6b-6ad9a160a110 | text:1454 imgs:2 broken:0 ext:0 errs:0 | Luxurious 4 BHK Flat in Lake Town
OK  /property/9093c621-fa9b-45f2-be6e-5cb8483d0480 | text:1422 imgs:2 broken:0 ext:0 errs:0 | Urban Lakes Konnagar 2 BHK Flat
OK  /property/9befed83-ea12-42c0-b588-48fa9c5add9e | text:1370 imgs:3 broken:0 ext:0 errs:0 | Ready-to-Move 2 BHK Furnished Flat Near Acropolis 
OK  /property/3249a160-c7ad-408a-bb7a-6913496c401f | text:1423 imgs:2 broken:0 ext:0 errs:0 | 3 BHK Luxury Flat in Complex with Infinity Pool — 
OK  /property/4bf62e21-000e-47a2-bc4f-a6a8d52bd2f1 | text:1375 imgs:3 broken:0 ext:0 errs:0 | Ready-to-Move 2 BHK Gated Society Flat Near Garia 
OK  /property/b9501e47-d299-4ecf-bc5c-96a6d2257177 | text:1384 imgs:3 broken:0 ext:0 errs:0 | Luxurious 4 BHK Flat in Lake Town Block A
OK  /property/69d2779d-3777-4b4f-aa89-684084518fc6 | text:1407 imgs:3 broken:0 ext:0 errs:0 | Cozy 3 BHK Flat in Bangur Avenue, Lake Town
OK  /property/e1534117-1acb-45a8-a338-f769ca259f12 | text:1336 imgs:3 broken:0 ext:0 errs:0 | Spacious 3 BHK Semifurnished Flat in Rajarhat
OK  /property/54be72e8-3311-4382-9fe7-112685d64b0f | text:1410 imgs:3 broken:0 ext:0 errs:0 | 3 BHK Flat with Private Open Terrace in Nayabad
OK  /property/75de911b-220e-4e2c-89e8-d7d901a06b1b | text:1376 imgs:3 broken:0 ext:0 errs:0 | Brand New 3 BHK Flat in Bangur Avenue, Lake Town
OK  /blog/7cdffa12-2922-4018-afc1-4bec360a04e7 | text:1207 imgs:3 broken:0 ext:0 errs:0 | Selling Your Home in a Competitive Market: Strateg
OK  /blog/f552939a-015d-47d7-9629-5ee4b1163091 | text:1174 imgs:3 broken:0 ext:0 errs:0 | Decoding Mortgage Rates: Factors That Influence Yo
OK  /blog/47ea5159-5508-4052-b1fb-a66a72c23994 | text:1188 imgs:3 broken:0 ext:0 errs:0 | First-Time Homebuyer's Checklist: What You Need to
OK  /blog/935c5579-a97d-4365-99cb-90cae07d09ad | text:1200 imgs:3 broken:0 ext:0 errs:0 | The Benefits of Investing in Rental Properties
OK  /blog/f002d0ad-d12b-4387-bab3-6ab64f855db0 | text:1223 imgs:3 broken:0 ext:0 errs:0 | Top 5 Home Improvements for Maximizing Resale Valu
OK  /blog/bca161f6-8586-46ea-ab37-1f1b415243f2 | text:1217 imgs:3 broken:0 ext:0 errs:0 | Understanding the Current Housing Market: A Buyer'
OK  /properties | text:3293 imgs:14 broken:0 ext:0 errs:0 | Explore Properties
OK  /videos | text:1350 imgs:12 broken:0 ext:0 errs:0 | Property Videos
OK  /blog | text:3788 imgs:8 broken:0 ext:0 errs:0 | Real Estate Insights
OK  /work-with-us | text:1339 imgs:2 broken:0 ext:0 errs:0 | Work With Us
OK  /sell-property | text:1111 imgs:2 broken:0 ext:0 errs:0 | Sell Your Property
OK  /projects | text:849 imgs:2 broken:0 ext:0 errs:0 | New Projects

SWEEP DONE: 36 pages, bad: 0
EXIT 0
